---
source: tests/insta.rs
expression: ron
---
(
    value: "string",
    value: inf,
    value: +NaN,
)

