---
source: tests/insta.rs
expression: ron
---
{
    "": true,
}

